// Jest Snapshot v1, https://goo.gl/fbAQLP

exports[`<App /> matches snapshot 1`] = `
<div
  className="App"
>
  <h1
    className="display"
  >
    Switch
  </h1>
</div>
`;
